[
  {
    "Raw": {
      "groupID": "org.apache.commons",
      "artifactID": "commons-csv",
      "version": "1.0",
      "scope": "compile",
      "type": "jar",
      "repoURI": "http://svn.apache.org/viewvc/commons/proper/csv/tags/CSV_1.0"
    },
    "Target": {
      "ToRepoCloneURL": "https://github.com/apache/commons-csv",
      "ToUnit": "org.apache.commons/commons-csv",
      "ToUnitType": "JavaArtifact",
      "ToVersionString": "1.0"
    }
  },
  {
    "Target": {
      "ToRepoCloneURL": "hg.openjdk.java.net/jdk8/jdk8/jdk",
      "ToUnit": ".",
      "ToUnitType": "Java"
    }
  }
]