{"Name":"com.sourcegraph/java-maven-sample","Type":"JavaArtifact","Repo":"github.com/sgtest/java-maven-sample","Files":["src/main/java/mypkg/Container.java","src/main/java/mypkg/FooClass.java","src/main/java/mypkg/IBar.java","src/main/java/mypkg/subpkg/QuxEnum.java","src/main/java/mypkg/subpkg/ZipClass.java"],"Dependencies":[{"artifactID":"commons-csv","groupID":"org.apache.commons","repoURI":"http://svn.apache.org/viewvc/commons/proper/csv/tags/CSV_1.0","scope":"compile","type":"jar","version":"1.0"}],"Data":{"ClassPath":[".m2-srclib/org/apache/commons/commons-csv/1.0/commons-csv-1.0.jar"],"POMFile":"pom.xml","SourcePath":[["com.sourcegraph/java-maven-sample","0.0.1-SNAPSHOT","src/main/java"]],"SourceVersion":"1.6"}}
