{"Name":".","Type":"Java","Repo":"github.com/sgtest/java-jdk-sample","Files":["src/share/classes/java/math/BigInteger.java"],"Dir":"src","Data":{"JDK":true}}
