{"Name":"org.sonatype.mavenbook.multi/simple-weather","Type":"JavaArtifact","Repo":"github.com/sgtest/java-maven-multi-module-sample","Files":["simple-weather/src/main/java/org/sonatype/mavenbook/weather/Main.java","simple-weather/src/main/java/org/sonatype/mavenbook/weather/Weather.java","simple-weather/src/main/java/org/sonatype/mavenbook/weather/WeatherFormatter.java","simple-weather/src/main/java/org/sonatype/mavenbook/weather/WeatherService.java","simple-weather/src/main/java/org/sonatype/mavenbook/weather/YahooParser.java","simple-weather/src/main/java/org/sonatype/mavenbook/weather/YahooRetriever.java","simple-weather/src/test/java/org/sonatype/mavenbook/weather/yahoo/WeatherFormatterTest.java","simple-weather/src/test/java/org/sonatype/mavenbook/weather/yahoo/YahooParserTest.java"],"Dir":"simple-weather","Dependencies":[{"artifactID":"commons-io","groupID":"org.apache.commons","repoURI":"","scope":"test","type":"jar","version":"1.3.2"},{"artifactID":"dom4j","groupID":"dom4j","repoURI":"http://cvs.sourceforge.net/cgi-bin/viewcvs.cgi/dom4j/dom4j/","scope":"compile","type":"jar","version":"1.6.1"},{"artifactID":"jaxen","groupID":"jaxen","repoURI":"http://cvs.jaxen.codehaus.org","scope":"compile","type":"jar","version":"1.1.1"},{"artifactID":"junit","groupID":"junit","repoURI":"http://junit.cvs.sourceforge.net/junit/","scope":"test","type":"jar","version":"3.8.1"},{"artifactID":"log4j","groupID":"log4j","repoURI":"http://svn.apache.org/viewcvs.cgi/logging/log4j/tags/v1_2_14/","scope":"compile","type":"jar","version":"1.2.14"},{"artifactID":"velocity","groupID":"velocity","repoURI":"http://svn.apache.org/viewvc/velocity/engine/tags/Velocity_1.5","scope":"compile","type":"jar","version":"1.5"}],"Data":{"ClassPath":[".m2-srclib/jaxen/jaxen/1.1.1/jaxen-1.1.1.jar",".m2-srclib/jdom/jdom/1.0/jdom-1.0.jar",".m2-srclib/xml-apis/xml-apis/1.3.02/xml-apis-1.3.02.jar",".m2-srclib/xerces/xercesImpl/2.6.2/xercesImpl-2.6.2.jar",".m2-srclib/xom/xom/1.0/xom-1.0.jar",".m2-srclib/xerces/xmlParserAPIs/2.6.2/xmlParserAPIs-2.6.2.jar",".m2-srclib/xalan/xalan/2.6.0/xalan-2.6.0.jar",".m2-srclib/com/ibm/icu/icu4j/2.6.1/icu4j-2.6.1.jar",".m2-srclib/commons-io/commons-io/1.3.2/commons-io-1.3.2.jar",".m2-srclib/junit/junit/3.8.1/junit-3.8.1.jar",".m2-srclib/velocity/velocity/1.5/velocity-1.5.jar",".m2-srclib/commons-collections/commons-collections/3.1/commons-collections-3.1.jar",".m2-srclib/commons-lang/commons-lang/2.1/commons-lang-2.1.jar",".m2-srclib/oro/oro/2.0.8/oro-2.0.8.jar",".m2-srclib/log4j/log4j/1.2.14/log4j-1.2.14.jar",".m2-srclib/dom4j/dom4j/1.6.1/dom4j-1.6.1.jar"],"POMFile":"simple-weather/pom.xml","SourcePath":[["org.sonatype.mavenbook.multi/simple-weather","0.0.1-SNAPSHOT","simple-weather/src/main/java"],["org.sonatype.mavenbook.multi/simple-weather","0.0.1-SNAPSHOT","simple-weather/src/test/java"]],"SourceVersion":"1.5"}}
