[
  {
    "Raw": {
      "groupID": "org.apache.commons",
      "artifactID": "commons-io",
      "version": "1.3.2",
      "scope": "test",
      "type": "jar",
      "repoURI": ""
    },
    "Target": {
      "ToRepoCloneURL": "https://github.com/apache/commons-io",
      "ToUnit": "org.apache.commons/commons-io",
      "ToUnitType": "JavaArtifact",
      "ToVersionString": "1.3.2"
    }
  },
  {
    "Raw": {
      "groupID": "dom4j",
      "artifactID": "dom4j",
      "version": "1.6.1",
      "scope": "compile",
      "type": "jar",
      "repoURI": "http://cvs.sourceforge.net/cgi-bin/viewcvs.cgi/dom4j/dom4j/"
    },
    "Target": {
      "ToRepoCloneURL": "http://cvs.sourceforge.net/cgi-bin/viewcvs.cgi/dom4j/dom4j/",
      "ToUnit": "dom4j/dom4j",
      "ToUnitType": "JavaArtifact",
      "ToVersionString": "1.6.1"
    }
  },
  {
    "Raw": {
      "groupID": "jaxen",
      "artifactID": "jaxen",
      "version": "1.1.1",
      "scope": "compile",
      "type": "jar",
      "repoURI": "http://cvs.jaxen.codehaus.org"
    },
    "Target": {
      "ToRepoCloneURL": "http://cvs.jaxen.codehaus.org",
      "ToUnit": "jaxen/jaxen",
      "ToUnitType": "JavaArtifact",
      "ToVersionString": "1.1.1"
    }
  },
  {
    "Raw": {
      "groupID": "junit",
      "artifactID": "junit",
      "version": "3.8.1",
      "scope": "test",
      "type": "jar",
      "repoURI": "http://junit.cvs.sourceforge.net/junit/"
    },
    "Target": {
      "ToRepoCloneURL": "https://github.com/junit-team/junit",
      "ToUnit": "junit/junit",
      "ToUnitType": "JavaArtifact",
      "ToVersionString": "3.8.1"
    }
  },
  {
    "Raw": {
      "groupID": "log4j",
      "artifactID": "log4j",
      "version": "1.2.14",
      "scope": "compile",
      "type": "jar",
      "repoURI": "http://svn.apache.org/viewcvs.cgi/logging/log4j/tags/v1_2_14/"
    },
    "Target": {
      "ToRepoCloneURL": "http://svn.apache.org/viewcvs.cgi/logging/log4j/tags/v1_2_14/",
      "ToUnit": "log4j/log4j",
      "ToUnitType": "JavaArtifact",
      "ToVersionString": "1.2.14"
    }
  },
  {
    "Raw": {
      "groupID": "velocity",
      "artifactID": "velocity",
      "version": "1.5",
      "scope": "compile",
      "type": "jar",
      "repoURI": "http://svn.apache.org/viewvc/velocity/engine/tags/Velocity_1.5"
    },
    "Target": {
      "ToRepoCloneURL": "http://svn.apache.org/viewvc/velocity/engine/tags/Velocity_1.5",
      "ToUnit": "velocity/velocity",
      "ToUnitType": "JavaArtifact",
      "ToVersionString": "1.5"
    }
  },
  {
    "Target": {
      "ToRepoCloneURL": "hg.openjdk.java.net/jdk8/jdk8/jdk",
      "ToUnit": ".",
      "ToUnitType": "Java"
    }
  }
]