{
  "Defs": [
    {
      "Path": "mypkg",
      "TreePath": "mypkg",
      "Name": "mypkg",
      "Kind": "package",
      "File": "",
      "DefStart": 0,
      "DefEnd": 0,
      "Exported": false,
      "Local": false,
      "Data": {
        "JavaKind": "PACKAGE",
        "TypeExpression": null,
        "Package": "mypkg"
      }
    },
    {
      "Path": "mypkg/Container/:init",
      "TreePath": "mypkg/Container/:init",
      "Name": "\u003cinit\u003e",
      "Kind": "func",
      "File": "src/main/java/mypkg/Container.java",
      "DefStart": 29,
      "DefEnd": 38,
      "Exported": true,
      "Local": false,
      "Data": {
        "JavaKind": "CONSTRUCTOR",
        "TypeExpression": "()void",
        "Package": "mypkg",
        "Modifiers": [
          "public"
        ]
      }
    },
    {
      "Path": "mypkg/Container:type",
      "TreePath": "mypkg/Container:type",
      "Name": "Container",
      "Kind": "type",
      "File": "src/main/java/mypkg/Container.java",
      "DefStart": 16,
      "DefEnd": 169,
      "Exported": true,
      "Local": false,
      "Data": {
        "JavaKind": "CLASS",
        "TypeExpression": "mypkg.Container",
        "Package": "mypkg",
        "Modifiers": [
          "public"
        ]
      }
    },
    {
      "Path": "mypkg/Container:type/F",
      "TreePath": "mypkg/Container:type/F",
      "Name": "F",
      "Kind": "func",
      "File": "src/main/java/mypkg/Container.java",
      "DefStart": 124,
      "DefEnd": 167,
      "Exported": true,
      "Local": false,
      "Data": {
        "JavaKind": "METHOD",
        "TypeExpression": "()mypkg.Container.Inner",
        "Package": "mypkg",
        "Modifiers": [
          "public"
        ]
      }
    },
    {
      "Path": "mypkg/Container:type/Inner/:init",
      "TreePath": "mypkg/Container:type/Inner/:init",
      "Name": "\u003cinit\u003e",
      "Kind": "func",
      "File": "src/main/java/mypkg/Container.java",
      "DefStart": 55,
      "DefEnd": 60,
      "Exported": true,
      "Local": false,
      "Data": {
        "JavaKind": "CONSTRUCTOR",
        "TypeExpression": "()void",
        "Package": "mypkg",
        "Modifiers": [
          "public"
        ]
      }
    },
    {
      "Path": "mypkg/Container:type/Inner:type",
      "TreePath": "mypkg/Container:type/Inner:type",
      "Name": "Inner",
      "Kind": "type",
      "File": "src/main/java/mypkg/Container.java",
      "DefStart": 42,
      "DefEnd": 121,
      "Exported": true,
      "Local": false,
      "Data": {
        "JavaKind": "CLASS",
        "TypeExpression": "mypkg.Container.Inner",
        "Package": "mypkg",
        "Modifiers": [
          "public"
        ]
      }
    },
    {
      "Path": "mypkg/Container:type/Inner:type/F",
      "TreePath": "mypkg/Container:type/Inner:type/F",
      "Name": "F",
      "Kind": "func",
      "File": "src/main/java/mypkg/Container.java",
      "DefStart": 65,
      "DefEnd": 118,
      "Exported": true,
      "Local": false,
      "Data": {
        "JavaKind": "METHOD",
        "TypeExpression": "()mypkg.Container",
        "Package": "mypkg",
        "Modifiers": [
          "public"
        ]
      }
    },
    {
      "Path": "mypkg/FooClass/:init",
      "TreePath": "mypkg/FooClass/:init",
      "Name": "\u003cinit\u003e",
      "Kind": "func",
      "File": "src/main/java/mypkg/FooClass.java",
      "DefStart": 149,
      "DefEnd": 157,
      "Exported": true,
      "Local": false,
      "Data": {
        "JavaKind": "CONSTRUCTOR",
        "TypeExpression": "()void",
        "Package": "mypkg",
        "Modifiers": [
          "public"
        ]
      }
    },
    {
      "Path": "mypkg/FooClass:type",
      "TreePath": "mypkg/FooClass:type",
      "Name": "FooClass",
      "Kind": "type",
      "File": "src/main/java/mypkg/FooClass.java",
      "DefStart": 136,
      "DefEnd": 650,
      "Exported": true,
      "Local": false,
      "Data": {
        "JavaKind": "CLASS",
        "TypeExpression": "mypkg.FooClass",
        "Package": "mypkg",
        "Modifiers": [
          "public"
        ]
      }
    },
    {
      "Path": "mypkg/FooClass:type/foo",
      "TreePath": "mypkg/FooClass:type/foo",
      "Name": "foo",
      "Kind": "var",
      "File": "src/main/java/mypkg/FooClass.java",
      "DefStart": 270,
      "DefEnd": 290,
      "Exported": true,
      "Local": false,
      "Data": {
        "JavaKind": "FIELD",
        "TypeExpression": "mypkg.FooClass",
        "Package": "mypkg",
        "Modifiers": [
          "public"
        ]
      }
    },
    {
      "Path": "mypkg/FooClass:type/myInt",
      "TreePath": "mypkg/FooClass:type/myInt",
      "Name": "myInt",
      "Kind": "func",
      "File": "src/main/java/mypkg/FooClass.java",
      "DefStart": 510,
      "DefEnd": 580,
      "Exported": true,
      "Local": false,
      "Data": {
        "JavaKind": "METHOD",
        "TypeExpression": "()int",
        "Package": "mypkg",
        "Modifiers": [
          "public"
        ]
      }
    },
    {
      "Path": "mypkg/FooClass:type/myInt/len",
      "TreePath": "mypkg/FooClass:type/myInt/len",
      "Name": "len",
      "Kind": "var",
      "File": "src/main/java/mypkg/FooClass.java",
      "DefStart": 533,
      "DefEnd": 563,
      "Exported": false,
      "Local": true,
      "Data": {
        "JavaKind": "LOCAL_VARIABLE",
        "TypeExpression": "int",
        "Package": "mypkg",
        "Modifiers": []
      }
    },
    {
      "Path": "mypkg/FooClass:type/myIntegers",
      "TreePath": "mypkg/FooClass:type/myIntegers",
      "Name": "myIntegers",
      "Kind": "var",
      "File": "src/main/java/mypkg/FooClass.java",
      "DefStart": 293,
      "DefEnd": 352,
      "Exported": false,
      "Local": false,
      "Data": {
        "JavaKind": "FIELD",
        "TypeExpression": "java.util.List\u003cjava.lang.Integer\u003e",
        "Package": "mypkg",
        "Modifiers": [
          "final"
        ]
      }
    },
    {
      "Path": "mypkg/FooClass:type/myStatic",
      "TreePath": "mypkg/FooClass:type/myStatic",
      "Name": "myStatic",
      "Kind": "var",
      "File": "src/main/java/mypkg/FooClass.java",
      "DefStart": 161,
      "DefEnd": 188,
      "Exported": true,
      "Local": false,
      "Data": {
        "JavaKind": "FIELD",
        "TypeExpression": "int",
        "Package": "mypkg",
        "Modifiers": [
          "public",
          "static"
        ]
      }
    },
    {
      "Path": "mypkg/FooClass:type/myString",
      "TreePath": "mypkg/FooClass:type/myString",
      "Name": "myString",
      "Kind": "func",
      "File": "src/main/java/mypkg/FooClass.java",
      "DefStart": 583,
      "DefEnd": 648,
      "Exported": true,
      "Local": false,
      "Data": {
        "JavaKind": "METHOD",
        "TypeExpression": "()java.lang.String",
        "Package": "mypkg",
        "Modifiers": [
          "public"
        ]
      }
    },
    {
      "Path": "mypkg/FooClass:type/myStringStatic",
      "TreePath": "mypkg/FooClass:type/myStringStatic",
      "Name": "myStringStatic",
      "Kind": "func",
      "File": "src/main/java/mypkg/FooClass.java",
      "DefStart": 191,
      "DefEnd": 267,
      "Exported": true,
      "Local": false,
      "Data": {
        "JavaKind": "METHOD",
        "TypeExpression": "()java.lang.String",
        "Package": "mypkg",
        "Modifiers": [
          "public",
          "static"
        ]
      }
    },
    {
      "Path": "mypkg/FooClass:type/myStringStatic/s",
      "TreePath": "mypkg/FooClass:type/myStringStatic/s",
      "Name": "s",
      "Kind": "var",
      "File": "src/main/java/mypkg/FooClass.java",
      "DefStart": 233,
      "DefEnd": 252,
      "Exported": false,
      "Local": true,
      "Data": {
        "JavaKind": "LOCAL_VARIABLE",
        "TypeExpression": "java.lang.String",
        "Package": "mypkg",
        "Modifiers": []
      }
    },
    {
      "Path": "mypkg/FooClass:type/numIntegers",
      "TreePath": "mypkg/FooClass:type/numIntegers",
      "Name": "numIntegers",
      "Kind": "var",
      "File": "src/main/java/mypkg/FooClass.java",
      "DefStart": 354,
      "DefEnd": 396,
      "Exported": false,
      "Local": false,
      "Data": {
        "JavaKind": "FIELD",
        "TypeExpression": "int",
        "Package": "mypkg",
        "Modifiers": [
          "final"
        ]
      }
    },
    {
      "Path": "mypkg/IBar:type",
      "TreePath": "mypkg/IBar:type",
      "Name": "IBar",
      "Kind": "type",
      "File": "src/main/java/mypkg/IBar.java",
      "DefStart": 16,
      "DefEnd": 69,
      "Exported": true,
      "Local": false,
      "Data": {
        "JavaKind": "INTERFACE",
        "TypeExpression": "mypkg.IBar",
        "Package": "mypkg",
        "Modifiers": [
          "public"
        ]
      }
    },
    {
      "Path": "mypkg/IBar:type/getFoo:mypkg.IBar",
      "TreePath": "mypkg/IBar:type/getFoo:mypkg.IBar",
      "Name": "getFoo",
      "Kind": "func",
      "File": "src/main/java/mypkg/IBar.java",
      "DefStart": 41,
      "DefEnd": 67,
      "Exported": false,
      "Local": false,
      "Data": {
        "JavaKind": "METHOD",
        "TypeExpression": "(mypkg.IBar)mypkg.FooClass",
        "Package": "mypkg",
        "Modifiers": []
      }
    },
    {
      "Path": "mypkg/IBar:type/getFoo:mypkg.IBar/bar",
      "TreePath": "mypkg/IBar:type/getFoo:mypkg.IBar/bar",
      "Name": "bar",
      "Kind": "var",
      "File": "src/main/java/mypkg/IBar.java",
      "DefStart": 57,
      "DefEnd": 65,
      "Exported": false,
      "Local": false,
      "Data": {
        "JavaKind": "PARAMETER",
        "TypeExpression": "mypkg.IBar",
        "Package": "mypkg",
        "Modifiers": []
      }
    },
    {
      "Path": "mypkg/subpkg",
      "TreePath": "mypkg/subpkg",
      "Name": "subpkg",
      "Kind": "package",
      "File": "",
      "DefStart": 0,
      "DefEnd": 0,
      "Exported": false,
      "Local": false,
      "Data": {
        "JavaKind": "PACKAGE",
        "TypeExpression": null,
        "Package": "mypkg.subpkg"
      }
    },
    {
      "Path": "mypkg/subpkg/QuxEnum/:init",
      "TreePath": "mypkg/subpkg/QuxEnum/:init",
      "Name": "\u003cinit\u003e",
      "Kind": "func",
      "File": "src/main/java/mypkg/subpkg/QuxEnum.java",
      "DefStart": 35,
      "DefEnd": 42,
      "Exported": false,
      "Local": false,
      "Data": {
        "JavaKind": "CONSTRUCTOR",
        "TypeExpression": "()void",
        "Package": "mypkg.subpkg",
        "Modifiers": [
          "private"
        ]
      }
    },
    {
      "Path": "mypkg/subpkg/QuxEnum:type",
      "TreePath": "mypkg/subpkg/QuxEnum:type",
      "Name": "QuxEnum",
      "Kind": "type",
      "File": "src/main/java/mypkg/subpkg/QuxEnum.java",
      "DefStart": 23,
      "DefEnd": 61,
      "Exported": true,
      "Local": false,
      "Data": {
        "JavaKind": "ENUM",
        "TypeExpression": "mypkg.subpkg.QuxEnum",
        "Package": "mypkg.subpkg",
        "Modifiers": [
          "public"
        ]
      }
    },
    {
      "Path": "mypkg/subpkg/QuxEnum:type/AAA",
      "TreePath": "mypkg/subpkg/QuxEnum:type/AAA",
      "Name": "AAA",
      "Kind": "var",
      "File": "src/main/java/mypkg/subpkg/QuxEnum.java",
      "DefStart": 46,
      "DefEnd": 49,
      "Exported": true,
      "Local": false,
      "Data": {
        "JavaKind": "ENUM_CONSTANT",
        "TypeExpression": "mypkg.subpkg.QuxEnum",
        "Package": "mypkg.subpkg",
        "Modifiers": [
          "public",
          "static",
          "final"
        ]
      }
    },
    {
      "Path": "mypkg/subpkg/QuxEnum:type/BBB",
      "TreePath": "mypkg/subpkg/QuxEnum:type/BBB",
      "Name": "BBB",
      "Kind": "var",
      "File": "src/main/java/mypkg/subpkg/QuxEnum.java",
      "DefStart": 51,
      "DefEnd": 54,
      "Exported": true,
      "Local": false,
      "Data": {
        "JavaKind": "ENUM_CONSTANT",
        "TypeExpression": "mypkg.subpkg.QuxEnum",
        "Package": "mypkg.subpkg",
        "Modifiers": [
          "public",
          "static",
          "final"
        ]
      }
    },
    {
      "Path": "mypkg/subpkg/QuxEnum:type/CCC",
      "TreePath": "mypkg/subpkg/QuxEnum:type/CCC",
      "Name": "CCC",
      "Kind": "var",
      "File": "src/main/java/mypkg/subpkg/QuxEnum.java",
      "DefStart": 56,
      "DefEnd": 59,
      "Exported": true,
      "Local": false,
      "Data": {
        "JavaKind": "ENUM_CONSTANT",
        "TypeExpression": "mypkg.subpkg.QuxEnum",
        "Package": "mypkg.subpkg",
        "Modifiers": [
          "public",
          "static",
          "final"
        ]
      }
    },
    {
      "Path": "mypkg/subpkg/ZipClass/:init",
      "TreePath": "mypkg/subpkg/ZipClass/:init",
      "Name": "\u003cinit\u003e",
      "Kind": "func",
      "File": "src/main/java/mypkg/subpkg/ZipClass.java",
      "DefStart": 60,
      "DefEnd": 68,
      "Exported": true,
      "Local": false,
      "Data": {
        "JavaKind": "CONSTRUCTOR",
        "TypeExpression": "()void",
        "Package": "mypkg.subpkg",
        "Modifiers": [
          "public"
        ]
      }
    },
    {
      "Path": "mypkg/subpkg/ZipClass:type",
      "TreePath": "mypkg/subpkg/ZipClass:type",
      "Name": "ZipClass",
      "Kind": "type",
      "File": "src/main/java/mypkg/subpkg/ZipClass.java",
      "DefStart": 47,
      "DefEnd": 318,
      "Exported": true,
      "Local": false,
      "Data": {
        "JavaKind": "CLASS",
        "TypeExpression": "mypkg.subpkg.ZipClass",
        "Package": "mypkg.subpkg",
        "Modifiers": [
          "public"
        ]
      }
    },
    {
      "Path": "mypkg/subpkg/ZipClass:type/zap",
      "TreePath": "mypkg/subpkg/ZipClass:type/zap",
      "Name": "zap",
      "Kind": "func",
      "File": "src/main/java/mypkg/subpkg/ZipClass.java",
      "DefStart": 72,
      "DefEnd": 278,
      "Exported": false,
      "Local": false,
      "Data": {
        "JavaKind": "METHOD",
        "TypeExpression": "()void",
        "Package": "mypkg.subpkg",
        "Modifiers": [
          "private"
        ]
      }
    },
    {
      "Path": "mypkg/subpkg/ZipClass:type/zap/foo",
      "TreePath": "mypkg/subpkg/ZipClass:type/zap/foo",
      "Name": "foo",
      "Kind": "var",
      "File": "src/main/java/mypkg/subpkg/ZipClass.java",
      "DefStart": 95,
      "DefEnd": 125,
      "Exported": false,
      "Local": true,
      "Data": {
        "JavaKind": "LOCAL_VARIABLE",
        "TypeExpression": "mypkg.FooClass",
        "Package": "mypkg.subpkg",
        "Modifiers": []
      }
    }
  ],
  "Refs": [
    {
      "DefRepo": "hg.openjdk.java.net/jdk8/jdk8/jdk",
      "DefUnitType": "Java",
      "DefUnit": ".",
      "DefPath": "java/io/PrintStream:type/println:java.lang.String",
      "Def": false,
      "Repo": "",
      "File": "src/main/java/mypkg/FooClass.java",
      "Start": 421,
      "End": 428
    },
    {
      "DefRepo": "hg.openjdk.java.net/jdk8/jdk8/jdk",
      "DefUnitType": "Java",
      "DefUnit": ".",
      "DefPath": "java/io/PrintStream:type/println:java.lang.String",
      "Def": false,
      "Repo": "",
      "File": "src/main/java/mypkg/subpkg/ZipClass.java",
      "Start": 139,
      "End": 146
    },
    {
      "DefRepo": "hg.openjdk.java.net/jdk8/jdk8/jdk",
      "DefUnitType": "Java",
      "DefUnit": ".",
      "DefPath": "java/io/PrintStream:type/println:java.lang.String",
      "Def": false,
      "Repo": "",
      "File": "src/main/java/mypkg/subpkg/ZipClass.java",
      "Start": 177,
      "End": 184
    },
    {
      "DefRepo": "hg.openjdk.java.net/jdk8/jdk8/jdk",
      "DefUnitType": "Java",
      "DefUnit": ".",
      "DefPath": "java/io/PrintStream:type/println:java.lang.String",
      "Def": false,
      "Repo": "",
      "File": "src/main/java/mypkg/subpkg/ZipClass.java",
      "Start": 230,
      "End": 237
    },
    {
      "DefRepo": "hg.openjdk.java.net/jdk8/jdk8/jdk",
      "DefUnitType": "Java",
      "DefUnit": ".",
      "DefPath": "java/lang/Integer:type/toString:int",
      "Def": false,
      "Repo": "",
      "File": "src/main/java/mypkg/subpkg/ZipClass.java",
      "Start": 193,
      "End": 201
    },
    {
      "DefRepo": "hg.openjdk.java.net/jdk8/jdk8/jdk",
      "DefUnitType": "Java",
      "DefUnit": ".",
      "DefPath": "java/lang/Integer:type/toString:int",
      "Def": false,
      "Repo": "",
      "File": "src/main/java/mypkg/subpkg/ZipClass.java",
      "Start": 246,
      "End": 254
    },
    {
      "DefRepo": "hg.openjdk.java.net/jdk8/jdk8/jdk",
      "DefUnitType": "Java",
      "DefUnit": ".",
      "DefPath": "java/lang/Integer:type",
      "Def": false,
      "Repo": "",
      "File": "src/main/java/mypkg/FooClass.java",
      "Start": 304,
      "End": 311
    },
    {
      "DefRepo": "hg.openjdk.java.net/jdk8/jdk8/jdk",
      "DefUnitType": "Java",
      "DefUnit": ".",
      "DefPath": "java/lang/Integer:type",
      "Def": false,
      "Repo": "",
      "File": "src/main/java/mypkg/FooClass.java",
      "Start": 340,
      "End": 347
    },
    {
      "DefRepo": "hg.openjdk.java.net/jdk8/jdk8/jdk",
      "DefUnitType": "Java",
      "DefUnit": ".",
      "DefPath": "java/lang/Integer:type",
      "Def": false,
      "Repo": "",
      "File": "src/main/java/mypkg/subpkg/ZipClass.java",
      "Start": 185,
      "End": 192
    },
    {
      "DefRepo": "hg.openjdk.java.net/jdk8/jdk8/jdk",
      "DefUnitType": "Java",
      "DefUnit": ".",
      "DefPath": "java/lang/Integer:type",
      "Def": false,
      "Repo": "",
      "File": "src/main/java/mypkg/subpkg/ZipClass.java",
      "Start": 238,
      "End": 245
    },
    {
      "DefRepo": "hg.openjdk.java.net/jdk8/jdk8/jdk",
      "DefUnitType": "Java",
      "DefUnit": ".",
      "DefPath": "java/lang/String:type/length",
      "Def": false,
      "Repo": "",
      "File": "src/main/java/mypkg/FooClass.java",
      "Start": 554,
      "End": 560
    },
    {
      "DefRepo": "hg.openjdk.java.net/jdk8/jdk8/jdk",
      "DefUnitType": "Java",
      "DefUnit": ".",
      "DefPath": "java/lang/String:type",
      "Def": false,
      "Repo": "",
      "File": "src/main/java/mypkg/FooClass.java",
      "Start": 205,
      "End": 211
    },
    {
      "DefRepo": "hg.openjdk.java.net/jdk8/jdk8/jdk",
      "DefUnitType": "Java",
      "DefUnit": ".",
      "DefPath": "java/lang/String:type",
      "Def": false,
      "Repo": "",
      "File": "src/main/java/mypkg/FooClass.java",
      "Start": 233,
      "End": 239
    },
    {
      "DefRepo": "hg.openjdk.java.net/jdk8/jdk8/jdk",
      "DefUnitType": "Java",
      "DefUnit": ".",
      "DefPath": "java/lang/String:type",
      "Def": false,
      "Repo": "",
      "File": "src/main/java/mypkg/FooClass.java",
      "Start": 590,
      "End": 596
    },
    {
      "DefRepo": "hg.openjdk.java.net/jdk8/jdk8/jdk",
      "DefUnitType": "Java",
      "DefUnit": ".",
      "DefPath": "java/lang/System:type/out",
      "Def": false,
      "Repo": "",
      "File": "src/main/java/mypkg/FooClass.java",
      "Start": 417,
      "End": 420
    },
    {
      "DefRepo": "hg.openjdk.java.net/jdk8/jdk8/jdk",
      "DefUnitType": "Java",
      "DefUnit": ".",
      "DefPath": "java/lang/System:type/out",
      "Def": false,
      "Repo": "",
      "File": "src/main/java/mypkg/subpkg/ZipClass.java",
      "Start": 135,
      "End": 138
    },
    {
      "DefRepo": "hg.openjdk.java.net/jdk8/jdk8/jdk",
      "DefUnitType": "Java",
      "DefUnit": ".",
      "DefPath": "java/lang/System:type/out",
      "Def": false,
      "Repo": "",
      "File": "src/main/java/mypkg/subpkg/ZipClass.java",
      "Start": 173,
      "End": 176
    },
    {
      "DefRepo": "hg.openjdk.java.net/jdk8/jdk8/jdk",
      "DefUnitType": "Java",
      "DefUnit": ".",
      "DefPath": "java/lang/System:type/out",
      "Def": false,
      "Repo": "",
      "File": "src/main/java/mypkg/subpkg/ZipClass.java",
      "Start": 226,
      "End": 229
    },
    {
      "DefRepo": "hg.openjdk.java.net/jdk8/jdk8/jdk",
      "DefUnitType": "Java",
      "DefUnit": ".",
      "DefPath": "java/lang/System:type",
      "Def": false,
      "Repo": "",
      "File": "src/main/java/mypkg/FooClass.java",
      "Start": 410,
      "End": 416
    },
    {
      "DefRepo": "hg.openjdk.java.net/jdk8/jdk8/jdk",
      "DefUnitType": "Java",
      "DefUnit": ".",
      "DefPath": "java/lang/System:type",
      "Def": false,
      "Repo": "",
      "File": "src/main/java/mypkg/subpkg/ZipClass.java",
      "Start": 128,
      "End": 134
    },
    {
      "DefRepo": "hg.openjdk.java.net/jdk8/jdk8/jdk",
      "DefUnitType": "Java",
      "DefUnit": ".",
      "DefPath": "java/lang/System:type",
      "Def": false,
      "Repo": "",
      "File": "src/main/java/mypkg/subpkg/ZipClass.java",
      "Start": 166,
      "End": 172
    },
    {
      "DefRepo": "hg.openjdk.java.net/jdk8/jdk8/jdk",
      "DefUnitType": "Java",
      "DefUnit": ".",
      "DefPath": "java/lang/System:type",
      "Def": false,
      "Repo": "",
      "File": "src/main/java/mypkg/subpkg/ZipClass.java",
      "Start": 219,
      "End": 225
    },
    {
      "DefRepo": "hg.openjdk.java.net/jdk8/jdk8/jdk",
      "DefUnitType": "Java",
      "DefUnit": ".",
      "DefPath": "java/util/ArrayList:type",
      "Def": false,
      "Repo": "",
      "File": "src/main/java/mypkg/FooClass.java",
      "Start": 330,
      "End": 339
    },
    {
      "DefRepo": "hg.openjdk.java.net/jdk8/jdk8/jdk",
      "DefUnitType": "Java",
      "DefUnit": ".",
      "DefPath": "java/util/ArrayList:type",
      "Def": false,
      "Repo": "",
      "File": "src/main/java/mypkg/FooClass.java",
      "Start": 45,
      "End": 54
    },
    {
      "DefRepo": "hg.openjdk.java.net/jdk8/jdk8/jdk",
      "DefUnitType": "Java",
      "DefUnit": ".",
      "DefPath": "java/util/List:type/size",
      "Def": false,
      "Repo": "",
      "File": "src/main/java/mypkg/FooClass.java",
      "Start": 389,
      "End": 393
    },
    {
      "DefRepo": "hg.openjdk.java.net/jdk8/jdk8/jdk",
      "DefUnitType": "Java",
      "DefUnit": ".",
      "DefPath": "java/util/List:type",
      "Def": false,
      "Repo": "",
      "File": "src/main/java/mypkg/FooClass.java",
      "Start": 299,
      "End": 303
    },
    {
      "DefRepo": "hg.openjdk.java.net/jdk8/jdk8/jdk",
      "DefUnitType": "Java",
      "DefUnit": ".",
      "DefPath": "java/util/List:type",
      "Def": false,
      "Repo": "",
      "File": "src/main/java/mypkg/FooClass.java",
      "Start": 73,
      "End": 77
    },
    {
      "DefRepo": "hg.openjdk.java.net/jdk8/jdk8/jdk",
      "DefUnitType": "Java",
      "DefUnit": ".",
      "DefPath": "java/util",
      "Def": false,
      "Repo": "",
      "File": "src/main/java/mypkg/FooClass.java",
      "Start": 40,
      "End": 44
    },
    {
      "DefRepo": "hg.openjdk.java.net/jdk8/jdk8/jdk",
      "DefUnitType": "Java",
      "DefUnit": ".",
      "DefPath": "java/util",
      "Def": false,
      "Repo": "",
      "File": "src/main/java/mypkg/FooClass.java",
      "Start": 68,
      "End": 72
    },
    {
      "DefRepo": "",
      "DefUnitType": "",
      "DefUnit": "",
      "DefPath": "java",
      "Def": false,
      "Repo": "",
      "File": "src/main/java/mypkg/FooClass.java",
      "Start": 35,
      "End": 39
    },
    {
      "DefRepo": "",
      "DefUnitType": "",
      "DefUnit": "",
      "DefPath": "java",
      "Def": false,
      "Repo": "",
      "File": "src/main/java/mypkg/FooClass.java",
      "Start": 63,
      "End": 67
    },
    {
      "DefRepo": "",
      "DefUnitType": "",
      "DefUnit": "",
      "DefPath": "mypkg/Container:type/F",
      "Def": true,
      "Repo": "",
      "File": "src/main/java/mypkg/Container.java",
      "Start": 137,
      "End": 138
    },
    {
      "DefRepo": "",
      "DefUnitType": "",
      "DefUnit": "",
      "DefPath": "mypkg/Container:type/Inner:type/F",
      "Def": true,
      "Repo": "",
      "File": "src/main/java/mypkg/Container.java",
      "Start": 82,
      "End": 83
    },
    {
      "DefRepo": "",
      "DefUnitType": "",
      "DefUnit": "",
      "DefPath": "mypkg/Container:type/Inner:type",
      "Def": false,
      "Repo": "",
      "File": "src/main/java/mypkg/Container.java",
      "Start": 131,
      "End": 136
    },
    {
      "DefRepo": "",
      "DefUnitType": "",
      "DefUnit": "",
      "DefPath": "mypkg/Container:type/Inner:type",
      "Def": false,
      "Repo": "",
      "File": "src/main/java/mypkg/Container.java",
      "Start": 156,
      "End": 161
    },
    {
      "DefRepo": "",
      "DefUnitType": "",
      "DefUnit": "",
      "DefPath": "mypkg/Container:type/Inner:type",
      "Def": true,
      "Repo": "",
      "File": "src/main/java/mypkg/Container.java",
      "Start": 55,
      "End": 60
    },
    {
      "DefRepo": "",
      "DefUnitType": "",
      "DefUnit": "",
      "DefPath": "mypkg/Container:type",
      "Def": false,
      "Repo": "",
      "File": "src/main/java/mypkg/Container.java",
      "Start": 102,
      "End": 111
    },
    {
      "DefRepo": "",
      "DefUnitType": "",
      "DefUnit": "",
      "DefPath": "mypkg/Container:type",
      "Def": true,
      "Repo": "",
      "File": "src/main/java/mypkg/Container.java",
      "Start": 29,
      "End": 38
    },
    {
      "DefRepo": "",
      "DefUnitType": "",
      "DefUnit": "",
      "DefPath": "mypkg/Container:type",
      "Def": false,
      "Repo": "",
      "File": "src/main/java/mypkg/Container.java",
      "Start": 72,
      "End": 81
    },
    {
      "DefRepo": "",
      "DefUnitType": "",
      "DefUnit": "",
      "DefPath": "mypkg/FooClass:type/foo",
      "Def": true,
      "Repo": "",
      "File": "src/main/java/mypkg/FooClass.java",
      "Start": 286,
      "End": 289
    },
    {
      "DefRepo": "",
      "DefUnitType": "",
      "DefUnit": "",
      "DefPath": "mypkg/FooClass:type/myInt/len",
      "Def": true,
      "Repo": "",
      "File": "src/main/java/mypkg/FooClass.java",
      "Start": 537,
      "End": 540
    },
    {
      "DefRepo": "",
      "DefUnitType": "",
      "DefUnit": "",
      "DefPath": "mypkg/FooClass:type/myInt/len",
      "Def": false,
      "Repo": "",
      "File": "src/main/java/mypkg/FooClass.java",
      "Start": 573,
      "End": 576
    },
    {
      "DefRepo": "",
      "DefUnitType": "",
      "DefUnit": "",
      "DefPath": "mypkg/FooClass:type/myIntegers",
      "Def": true,
      "Repo": "",
      "File": "src/main/java/mypkg/FooClass.java",
      "Start": 313,
      "End": 323
    },
    {
      "DefRepo": "",
      "DefUnitType": "",
      "DefUnit": "",
      "DefPath": "mypkg/FooClass:type/myIntegers",
      "Def": false,
      "Repo": "",
      "File": "src/main/java/mypkg/FooClass.java",
      "Start": 378,
      "End": 388
    },
    {
      "DefRepo": "",
      "DefUnitType": "",
      "DefUnit": "",
      "DefPath": "mypkg/FooClass:type/myInt",
      "Def": true,
      "Repo": "",
      "File": "src/main/java/mypkg/FooClass.java",
      "Start": 521,
      "End": 526
    },
    {
      "DefRepo": "",
      "DefUnitType": "",
      "DefUnit": "",
      "DefPath": "mypkg/FooClass:type/myInt",
      "Def": false,
      "Repo": "",
      "File": "src/main/java/mypkg/subpkg/ZipClass.java",
      "Start": 206,
      "End": 211
    },
    {
      "DefRepo": "",
      "DefUnitType": "",
      "DefUnit": "",
      "DefPath": "mypkg/FooClass:type/myStatic",
      "Def": true,
      "Repo": "",
      "File": "src/main/java/mypkg/FooClass.java",
      "Start": 179,
      "End": 187
    },
    {
      "DefRepo": "",
      "DefUnitType": "",
      "DefUnit": "",
      "DefPath": "mypkg/FooClass:type/myStatic",
      "Def": false,
      "Repo": "",
      "File": "src/main/java/mypkg/subpkg/ZipClass.java",
      "Start": 264,
      "End": 272
    },
    {
      "DefRepo": "",
      "DefUnitType": "",
      "DefUnit": "",
      "DefPath": "mypkg/FooClass:type/myStringStatic/s",
      "Def": true,
      "Repo": "",
      "File": "src/main/java/mypkg/FooClass.java",
      "Start": 240,
      "End": 241
    },
    {
      "DefRepo": "",
      "DefUnitType": "",
      "DefUnit": "",
      "DefPath": "mypkg/FooClass:type/myStringStatic/s",
      "Def": false,
      "Repo": "",
      "File": "src/main/java/mypkg/FooClass.java",
      "Start": 262,
      "End": 263
    },
    {
      "DefRepo": "",
      "DefUnitType": "",
      "DefUnit": "",
      "DefPath": "mypkg/FooClass:type/myStringStatic",
      "Def": true,
      "Repo": "",
      "File": "src/main/java/mypkg/FooClass.java",
      "Start": 212,
      "End": 226
    },
    {
      "DefRepo": "",
      "DefUnitType": "",
      "DefUnit": "",
      "DefPath": "mypkg/FooClass:type/myStringStatic",
      "Def": false,
      "Repo": "",
      "File": "src/main/java/mypkg/FooClass.java",
      "Start": 628,
      "End": 642
    },
    {
      "DefRepo": "",
      "DefUnitType": "",
      "DefUnit": "",
      "DefPath": "mypkg/FooClass:type/myString",
      "Def": false,
      "Repo": "",
      "File": "src/main/java/mypkg/FooClass.java",
      "Start": 543,
      "End": 551
    },
    {
      "DefRepo": "",
      "DefUnitType": "",
      "DefUnit": "",
      "DefPath": "mypkg/FooClass:type/myString",
      "Def": true,
      "Repo": "",
      "File": "src/main/java/mypkg/FooClass.java",
      "Start": 597,
      "End": 605
    },
    {
      "DefRepo": "",
      "DefUnitType": "",
      "DefUnit": "",
      "DefPath": "mypkg/FooClass:type/myString",
      "Def": false,
      "Repo": "",
      "File": "src/main/java/mypkg/subpkg/ZipClass.java",
      "Start": 151,
      "End": 159
    },
    {
      "DefRepo": "",
      "DefUnitType": "",
      "DefUnit": "",
      "DefPath": "mypkg/FooClass:type/numIntegers",
      "Def": true,
      "Repo": "",
      "File": "src/main/java/mypkg/FooClass.java",
      "Start": 364,
      "End": 375
    },
    {
      "DefRepo": "",
      "DefUnitType": "",
      "DefUnit": "",
      "DefPath": "mypkg/FooClass:type",
      "Def": true,
      "Repo": "",
      "File": "src/main/java/mypkg/FooClass.java",
      "Start": 149,
      "End": 157
    },
    {
      "DefRepo": "",
      "DefUnitType": "",
      "DefUnit": "",
      "DefPath": "mypkg/FooClass:type",
      "Def": false,
      "Repo": "",
      "File": "src/main/java/mypkg/FooClass.java",
      "Start": 277,
      "End": 285
    },
    {
      "DefRepo": "",
      "DefUnitType": "",
      "DefUnit": "",
      "DefPath": "mypkg/FooClass:type",
      "Def": false,
      "Repo": "",
      "File": "src/main/java/mypkg/FooClass.java",
      "Start": 619,
      "End": 627
    },
    {
      "DefRepo": "",
      "DefUnitType": "",
      "DefUnit": "",
      "DefPath": "mypkg/FooClass:type",
      "Def": false,
      "Repo": "",
      "File": "src/main/java/mypkg/IBar.java",
      "Start": 41,
      "End": 49
    },
    {
      "DefRepo": "",
      "DefUnitType": "",
      "DefUnit": "",
      "DefPath": "mypkg/FooClass:type",
      "Def": false,
      "Repo": "",
      "File": "src/main/java/mypkg/subpkg/ZipClass.java",
      "Start": 114,
      "End": 122
    },
    {
      "DefRepo": "",
      "DefUnitType": "",
      "DefUnit": "",
      "DefPath": "mypkg/FooClass:type",
      "Def": false,
      "Repo": "",
      "File": "src/main/java/mypkg/subpkg/ZipClass.java",
      "Start": 255,
      "End": 263
    },
    {
      "DefRepo": "",
      "DefUnitType": "",
      "DefUnit": "",
      "DefPath": "mypkg/FooClass:type",
      "Def": false,
      "Repo": "",
      "File": "src/main/java/mypkg/subpkg/ZipClass.java",
      "Start": 36,
      "End": 44
    },
    {
      "DefRepo": "",
      "DefUnitType": "",
      "DefUnit": "",
      "DefPath": "mypkg/FooClass:type",
      "Def": false,
      "Repo": "",
      "File": "src/main/java/mypkg/subpkg/ZipClass.java",
      "Start": 95,
      "End": 103
    },
    {
      "DefRepo": "",
      "DefUnitType": "",
      "DefUnit": "",
      "DefPath": "mypkg/IBar:type/getFoo:mypkg.IBar/bar",
      "Def": true,
      "Repo": "",
      "File": "src/main/java/mypkg/IBar.java",
      "Start": 62,
      "End": 65
    },
    {
      "DefRepo": "",
      "DefUnitType": "",
      "DefUnit": "",
      "DefPath": "mypkg/IBar:type/getFoo:mypkg.IBar",
      "Def": true,
      "Repo": "",
      "File": "src/main/java/mypkg/IBar.java",
      "Start": 50,
      "End": 56
    },
    {
      "DefRepo": "",
      "DefUnitType": "",
      "DefUnit": "",
      "DefPath": "mypkg/IBar:type",
      "Def": true,
      "Repo": "",
      "File": "src/main/java/mypkg/IBar.java",
      "Start": 33,
      "End": 37
    },
    {
      "DefRepo": "",
      "DefUnitType": "",
      "DefUnit": "",
      "DefPath": "mypkg/IBar:type",
      "Def": false,
      "Repo": "",
      "File": "src/main/java/mypkg/IBar.java",
      "Start": 57,
      "End": 61
    },
    {
      "DefRepo": "",
      "DefUnitType": "",
      "DefUnit": "",
      "DefPath": "mypkg/subpkg/QuxEnum:type/AAA",
      "Def": true,
      "Repo": "",
      "File": "src/main/java/mypkg/subpkg/QuxEnum.java",
      "Start": 46,
      "End": 49
    },
    {
      "DefRepo": "",
      "DefUnitType": "",
      "DefUnit": "",
      "DefPath": "mypkg/subpkg/QuxEnum:type/BBB",
      "Def": true,
      "Repo": "",
      "File": "src/main/java/mypkg/subpkg/QuxEnum.java",
      "Start": 51,
      "End": 54
    },
    {
      "DefRepo": "",
      "DefUnitType": "",
      "DefUnit": "",
      "DefPath": "mypkg/subpkg/QuxEnum:type/CCC",
      "Def": true,
      "Repo": "",
      "File": "src/main/java/mypkg/subpkg/QuxEnum.java",
      "Start": 56,
      "End": 59
    },
    {
      "DefRepo": "",
      "DefUnitType": "",
      "DefUnit": "",
      "DefPath": "mypkg/subpkg/QuxEnum:type",
      "Def": true,
      "Repo": "",
      "File": "src/main/java/mypkg/subpkg/QuxEnum.java",
      "Start": 35,
      "End": 42
    },
    {
      "DefRepo": "",
      "DefUnitType": "",
      "DefUnit": "",
      "DefPath": "mypkg/subpkg/ZipClass:type/zap/foo",
      "Def": true,
      "Repo": "",
      "File": "src/main/java/mypkg/subpkg/ZipClass.java",
      "Start": 104,
      "End": 107
    },
    {
      "DefRepo": "",
      "DefUnitType": "",
      "DefUnit": "",
      "DefPath": "mypkg/subpkg/ZipClass:type/zap/foo",
      "Def": false,
      "Repo": "",
      "File": "src/main/java/mypkg/subpkg/ZipClass.java",
      "Start": 147,
      "End": 150
    },
    {
      "DefRepo": "",
      "DefUnitType": "",
      "DefUnit": "",
      "DefPath": "mypkg/subpkg/ZipClass:type/zap/foo",
      "Def": false,
      "Repo": "",
      "File": "src/main/java/mypkg/subpkg/ZipClass.java",
      "Start": 202,
      "End": 205
    },
    {
      "DefRepo": "",
      "DefUnitType": "",
      "DefUnit": "",
      "DefPath": "mypkg/subpkg/ZipClass:type/zap",
      "Def": false,
      "Repo": "",
      "File": "src/main/java/mypkg/subpkg/ZipClass.java",
      "Start": 307,
      "End": 310
    },
    {
      "DefRepo": "",
      "DefUnitType": "",
      "DefUnit": "",
      "DefPath": "mypkg/subpkg/ZipClass:type/zap",
      "Def": true,
      "Repo": "",
      "File": "src/main/java/mypkg/subpkg/ZipClass.java",
      "Start": 85,
      "End": 88
    },
    {
      "DefRepo": "",
      "DefUnitType": "",
      "DefUnit": "",
      "DefPath": "mypkg/subpkg/ZipClass:type",
      "Def": false,
      "Repo": "",
      "File": "src/main/java/mypkg/subpkg/ZipClass.java",
      "Start": 296,
      "End": 304
    },
    {
      "DefRepo": "",
      "DefUnitType": "",
      "DefUnit": "",
      "DefPath": "mypkg/subpkg/ZipClass:type",
      "Def": true,
      "Repo": "",
      "File": "src/main/java/mypkg/subpkg/ZipClass.java",
      "Start": 60,
      "End": 68
    },
    {
      "DefRepo": "",
      "DefUnitType": "",
      "DefUnit": "",
      "DefPath": "mypkg/subpkg",
      "Def": false,
      "Repo": "",
      "File": "src/main/java/mypkg/subpkg/QuxEnum.java",
      "Start": 14,
      "End": 20
    },
    {
      "DefRepo": "",
      "DefUnitType": "",
      "DefUnit": "",
      "DefPath": "mypkg/subpkg",
      "Def": false,
      "Repo": "",
      "File": "src/main/java/mypkg/subpkg/ZipClass.java",
      "Start": 14,
      "End": 20
    },
    {
      "DefRepo": "",
      "DefUnitType": "",
      "DefUnit": "",
      "DefPath": "mypkg",
      "Def": false,
      "Repo": "",
      "File": "src/main/java/mypkg/Container.java",
      "Start": 8,
      "End": 13
    },
    {
      "DefRepo": "",
      "DefUnitType": "",
      "DefUnit": "",
      "DefPath": "mypkg",
      "Def": false,
      "Repo": "",
      "File": "src/main/java/mypkg/FooClass.java",
      "Start": 20,
      "End": 25
    },
    {
      "DefRepo": "",
      "DefUnitType": "",
      "DefUnit": "",
      "DefPath": "mypkg",
      "Def": false,
      "Repo": "",
      "File": "src/main/java/mypkg/IBar.java",
      "Start": 8,
      "End": 13
    },
    {
      "DefRepo": "",
      "DefUnitType": "",
      "DefUnit": "",
      "DefPath": "mypkg",
      "Def": false,
      "Repo": "",
      "File": "src/main/java/mypkg/subpkg/QuxEnum.java",
      "Start": 8,
      "End": 13
    },
    {
      "DefRepo": "",
      "DefUnitType": "",
      "DefUnit": "",
      "DefPath": "mypkg",
      "Def": false,
      "Repo": "",
      "File": "src/main/java/mypkg/subpkg/ZipClass.java",
      "Start": 30,
      "End": 35
    },
    {
      "DefRepo": "",
      "DefUnitType": "",
      "DefUnit": "",
      "DefPath": "mypkg",
      "Def": false,
      "Repo": "",
      "File": "src/main/java/mypkg/subpkg/ZipClass.java",
      "Start": 8,
      "End": 13
    }
  ],
  "Docs": [
    {
      "Path": "mypkg/FooClass:type",
      "Format": "text/html",
      "Data": " FooClass is a class.\n \n @author Fred\n \n",
      "File": "src/main/java/mypkg/FooClass.java",
      "Start": 0,
      "End": 0
    },
    {
      "Path": "mypkg/FooClass:type/myInt",
      "Format": "text/html",
      "Data": " myInt is a method.\n \n @return an awesome int\n",
      "File": "src/main/java/mypkg/FooClass.java",
      "Start": 0,
      "End": 0
    }
  ]
}