{"Name":"com.sourcegraph/java-gradle-sample","Type":"JavaArtifact","Repo":"github.com/sgtest/java-gradle-sample","Files":["src/main/java/mypkg/Container.java","src/main/java/mypkg/FooClass.java","src/main/java/mypkg/IBar.java","src/main/java/mypkg/subpkg/QuxEnum.java","src/main/java/mypkg/subpkg/ZipClass.java"],"Dependencies":[{"artifactID":"jcommander","file":".gradle-srclib/caches/modules-2/files-2.1/com.beust/jcommander/1.30/c440b30a944ba199751551aee393f8aa03b3c327/jcommander-1.30.jar","groupID":"com.beust","scope":"compile","version":"1.30"},{"artifactID":"jcommander","file":".gradle-srclib/caches/modules-2/files-2.1/com.beust/jcommander/1.30/c440b30a944ba199751551aee393f8aa03b3c327/jcommander-1.30.jar","groupID":"com.beust","scope":"testCompile","version":"1.30"}],"Data":{"ClassPath":[".gradle-srclib/caches/modules-2/files-2.1/com.beust/jcommander/1.30/c440b30a944ba199751551aee393f8aa03b3c327/jcommander-1.30.jar"],"Description":"Test srclib-java for gradle support.","GradleFile":"build.gradle","SourcePath":[["com.sourcegraph/java-gradle-sample","0.0.1-SNAPSHOT","src/main/java"],["com.sourcegraph/java-gradle-sample","0.0.1-SNAPSHOT","src/test/java"]],"SourceVersion":"1.8"}}
