[
  {
    "Raw": {
      "groupID": "org.apache.geronimo.specs",
      "artifactID": "geronimo-servlet_2.4_spec",
      "version": "1.1.1",
      "scope": "compile",
      "type": "jar",
      "repoURI": "https://svn.apache.org/repos/asf/geronimo/specs/tags/geronimo-servlet_2.4_spec-1.1.1"
    },
    "Target": {
      "ToRepoCloneURL": "https://svn.apache.org/repos/asf/geronimo/specs/tags/geronimo-servlet_2.4_spec-1.1.1",
      "ToUnit": "org.apache.geronimo.specs/geronimo-servlet_2.4_spec",
      "ToUnitType": "JavaArtifact",
      "ToVersionString": "1.1.1"
    }
  },
  {
    "Raw": {
      "groupID": "junit",
      "artifactID": "junit",
      "version": "3.8.1",
      "scope": "test",
      "type": "jar",
      "repoURI": "http://junit.cvs.sourceforge.net/junit/"
    },
    "Target": {
      "ToRepoCloneURL": "https://github.com/junit-team/junit",
      "ToUnit": "junit/junit",
      "ToUnitType": "JavaArtifact",
      "ToVersionString": "3.8.1"
    }
  },
  {
    "Raw": {
      "groupID": "org.sonatype.mavenbook.multi",
      "artifactID": "simple-weather",
      "version": "0.0.1-SNAPSHOT",
      "scope": "compile",
      "type": "jar",
      "repoURI": ""
    },
    "Target": {
      "ToRepoCloneURL": "github.com/sgtest/java-maven-multi-module-sample",
      "ToUnit": "org.sonatype.mavenbook.multi/simple-weather",
      "ToUnitType": "JavaArtifact",
      "ToVersionString": "0.0.1-SNAPSHOT"
    }
  },
  {
    "Target": {
      "ToRepoCloneURL": "hg.openjdk.java.net/jdk8/jdk8/jdk",
      "ToUnit": ".",
      "ToUnitType": "Java"
    }
  }
]