{"Name":"org.srclib.srclib-java/unresolved-maven-deps","Type":"JavaArtifact","Repo":"github.com/sgtest/java-error-tolerance","Files":["unresolved-maven-deps/src/main/java/org/srclib/java/App.java","unresolved-maven-deps/src/main/java/org/srclib/java/JDK8062359.java"],"Dir":"unresolved-maven-deps","Dependencies":[{"artifactID":"commons-csv","groupID":"org.apache.commons","repoURI":"http://svn.apache.org/viewvc/commons/proper/csv/tags/CSV_1.0","scope":"compile","type":"jar","version":"1.0"},{"artifactID":"some-artifact-that-doesnt-exist","groupID":"some-group-that-doesnt-exist","repoURI":"","scope":"compile","type":"jar","version":"1.2.3"}],"Data":{"ClassPath":[".m2-srclib/org/apache/commons/commons-csv/1.0/commons-csv-1.0.jar"],"POMFile":"unresolved-maven-deps/pom.xml","SourcePath":[["org.srclib.srclib-java/unresolved-maven-deps","0.0.1-SNAPSHOT","unresolved-maven-deps/src/main/java"]],"SourceVersion":"1.5"}}
